Hello from File System API!